MemTotal:        3919788 kB
MemFree:         3595720 kB
MemAvailable:    3563952 kB
Buffers:            7128 kB
Cached:            87412 kB
SwapCached:          284 kB
Active:            79712 kB
Inactive:         156380 kB
Active(anon):       9752 kB
Inactive(anon):   152776 kB
Active(file):      69960 kB
Inactive(file):     3604 kB
Unevictable:       13200 kB
Mlocked:               0 kB
HighTotal:       3264512 kB
HighFree:        3010616 kB
LowTotal:         655276 kB
LowFree:          585104 kB
SwapTotal:        102396 kB
SwapFree:          90108 kB
Dirty:               344 kB
Writeback:             0 kB
AnonPages:        154384 kB
Mapped:            34520 kB
Shmem:             20980 kB
KReclaimable:      20188 kB
Slab:              41932 kB
SReclaimable:      20188 kB
SUnreclaim:        21744 kB
KernelStack:        2080 kB
PageTables:         5020 kB
NFS_Unstable:          0 kB
Bounce:                0 kB
WritebackTmp:          0 kB
CommitLimit:     2062288 kB
Committed_AS:    1299760 kB
VmallocTotal:     245760 kB
VmallocUsed:        4960 kB
VmallocChunk:          0 kB
Percpu:              512 kB
CmaTotal:         262144 kB
CmaFree:          249648 kB
