MemTotal:        3919788 kB
MemFree:         2808100 kB
MemAvailable:    3543004 kB
Buffers:           80844 kB
Cached:           772316 kB
SwapCached:          392 kB
Active:           428164 kB
Inactive:         567408 kB
Active(anon):       1368 kB
Inactive(anon):   162088 kB
Active(file):     426796 kB
Inactive(file):   405320 kB
Unevictable:       13200 kB
Mlocked:               0 kB
HighTotal:       3264512 kB
HighFree:        2322452 kB
LowTotal:         655276 kB
LowFree:          485648 kB
SwapTotal:        102396 kB
SwapFree:          90620 kB
Dirty:                 4 kB
Writeback:             0 kB
AnonPages:        155000 kB
Mapped:            56940 kB
Shmem:             20972 kB
KReclaimable:      45920 kB
Slab:              67592 kB
SReclaimable:      45920 kB
SUnreclaim:        21672 kB
KernelStack:        2104 kB
PageTables:         4968 kB
NFS_Unstable:          0 kB
Bounce:                0 kB
WritebackTmp:          0 kB
CommitLimit:     2062288 kB
Committed_AS:    1308620 kB
VmallocTotal:     245760 kB
VmallocUsed:        4984 kB
VmallocChunk:          0 kB
Percpu:              512 kB
CmaTotal:         262144 kB
CmaFree:          240948 kB
