MemTotal:        3919788 kB
MemFree:          631288 kB
MemAvailable:    3500368 kB
Buffers:          136800 kB
Cached:          2830628 kB
SwapCached:          388 kB
Active:           275224 kB
Inactive:        2860276 kB
Active(anon):       2388 kB
Inactive(anon):   186536 kB
Active(file):     272836 kB
Inactive(file):  2673740 kB
Unevictable:       13200 kB
Mlocked:               0 kB
HighTotal:       3264512 kB
HighFree:         356264 kB
LowTotal:         655276 kB
LowFree:          275024 kB
SwapTotal:        102396 kB
SwapFree:          91900 kB
Dirty:               276 kB
Writeback:             4 kB
AnonPages:        181088 kB
Mapped:            48840 kB
Shmem:             20764 kB
KReclaimable:      84200 kB
Slab:             105156 kB
SReclaimable:      84200 kB
SUnreclaim:        20956 kB
KernelStack:        2128 kB
PageTables:         5260 kB
NFS_Unstable:          0 kB
Bounce:                0 kB
WritebackTmp:          0 kB
CommitLimit:     2062288 kB
Committed_AS:    1342132 kB
VmallocTotal:     245760 kB
VmallocUsed:        5008 kB
VmallocChunk:          0 kB
Percpu:              512 kB
CmaTotal:         262144 kB
CmaFree:          237396 kB
