MemTotal:        3919788 kB
MemFree:          313624 kB
MemAvailable:    3496840 kB
Buffers:          136920 kB
Cached:          3140972 kB
SwapCached:          312 kB
Active:           289296 kB
Inactive:        3160056 kB
Active(anon):       5932 kB
Inactive(anon):   186280 kB
Active(file):     283364 kB
Inactive(file):  2973776 kB
Unevictable:       13200 kB
Mlocked:               0 kB
HighTotal:       3264512 kB
HighFree:          43028 kB
LowTotal:         655276 kB
LowFree:          270596 kB
SwapTotal:        102396 kB
SwapFree:          92156 kB
Dirty:               448 kB
Writeback:             4 kB
AnonPages:        184420 kB
Mapped:            50912 kB
Shmem:             20768 kB
KReclaimable:      87772 kB
Slab:             108720 kB
SReclaimable:      87772 kB
SUnreclaim:        20948 kB
KernelStack:        2144 kB
PageTables:         5372 kB
NFS_Unstable:          0 kB
Bounce:                0 kB
WritebackTmp:          0 kB
CommitLimit:     2062288 kB
Committed_AS:    1348672 kB
VmallocTotal:     245760 kB
VmallocUsed:        5008 kB
VmallocChunk:          0 kB
Percpu:              512 kB
CmaTotal:         262144 kB
CmaFree:          237456 kB
